{
  "data" : {
    "university_calc_Calculator" : {
      "not" : {
        "invoke" : false
      }
    }
  }
}