{
  "data" : {
    "university_dept_Departments" : {
      "findByName" : {
        "invoke" : {
          "deptHead" : {
            "autoComplete" : [ {
              "name" : {
                "get" : "Prof. Dicky Horwich"
              }
            }, {
              "name" : {
                "get" : "Dr. Susan Hopwood"
              }
            } ]
          }
        }
      }
    }
  }
}