{
  "data" : {
    "university_dept_DeptHeads" : {
      "findHeadByName" : {
        "invoke" : {
          "changeName" : {
            "validate" : "Name cannot contain '!' character"
          }
        }
      }
    }
  }
}