{
  "data" : {
    "university_dept_Departments" : {
      "findByName" : {
        "invoke" : {
          "staffMembers" : {
            "get" : [ ]
          }
        }
      }
    }
  }
}