{
  "data" : {
    "university_dept_DeptHeadMenu" : {
      "findDeptHeadByName" : {
        "invoke" : {
          "_gql_mutations" : {
            "changeName" : {
              "invoke" : {
                "name" : {
                  "get" : "bar",
                  "hidden" : false,
                  "disabled" : "Disabled via @DomainObject annotation, reason not given."
                },
                "department" : {
                  "get" : null
                }
              }
            }
          }
        }
      }
    }
  }
}