{
  "data" : {
    "university_dept_Staff" : {
      "findByName" : {
        "invoke" : {
          "name" : {
            "validate" : "Name cannot contain '!' character"
          }
        }
      }
    }
  }
}