{
  "data" : {
    "university_calc_Calculator" : {
      "nextMonth" : {
        "invoke" : "JULY"
      }
    }
  }
}