{
  "data" : {
    "university_dept_Departments" : {
      "findAllDepartments" : {
        "invoke" : [ {
          "name" : {
            "get" : "Civil Engineering",
            "datatype" : "java_lang_String"
          },
          "_gqlv_meta" : {
            "logicalTypeName" : "university.dept.Department",
            "version" : null
          }
        }, {
          "name" : {
            "get" : "Classics",
            "datatype" : "java_lang_String"
          },
          "_gqlv_meta" : {
            "logicalTypeName" : "university.dept.Department",
            "version" : null
          }
        }, {
          "name" : {
            "get" : "Mathematics",
            "datatype" : "java_lang_String"
          },
          "_gqlv_meta" : {
            "logicalTypeName" : "university.dept.Department",
            "version" : null
          }
        }, {
          "name" : {
            "get" : "Pathology",
            "datatype" : "java_lang_String"
          },
          "_gqlv_meta" : {
            "logicalTypeName" : "university.dept.Department",
            "version" : null
          }
        }, {
          "name" : {
            "get" : "Physics",
            "datatype" : "java_lang_String"
          },
          "_gqlv_meta" : {
            "logicalTypeName" : "university.dept.Department",
            "version" : null
          }
        }, {
          "name" : {
            "get" : "Textiles",
            "datatype" : "java_lang_String"
          },
          "_gqlv_meta" : {
            "logicalTypeName" : "university.dept.Department",
            "version" : null
          }
        } ]
      }
    }
  }
}