{
  "data" : {
    "Scenario" : {
      "Name" : "New member of staff",
      "Given" : {
        "university_dept_Departments" : {
          "findDepartmentByName" : {
            "invoke" : {
              "_meta" : {
                "saveAs" : "classics"
              }
            }
          }
        }
      },
      "When" : {
        "university_dept_Staff" : {
          "createStaffMember" : {
            "invokeNonIdempotent" : {
              "name" : {
                "get" : "Dr. Georgina McGovern"
              },
              "department" : {
                "get" : {
                  "name" : {
                    "get" : "Classics"
                  }
                }
              },
              "_meta" : {
                "title" : "Untitled Staff Member",
                "logicalTypeName" : "university.dept.StaffMember",
                "version" : null,
                "cssClass" : null,
                "icon" : "///graphql/object/university.dept.StaffMember:NNN/icon"
              }
            }
          }
        }
      }
    }
  }
}