{
  "errors" : [ {
    "message" : "Validation error (FieldUndefined@[university_dept_Person]) : Field 'university_dept_Person' in type 'SimpleAndRich' is undefined",
    "locations" : [ {
      "line" : 2,
      "column" : 3
    } ],
    "extensions" : {
      "classification" : "ValidationError"
    }
  } ]
}