{
  "errors" : [ {
    "message" : "Exception while fetching data (/university_dept_Person) : The 'logicalTypeName' of 'university.dept.XXX' is unknown in the metamodel",
    "locations" : [ {
      "line" : 2,
      "column" : 3
    } ],
    "path" : [ "university_dept_Person" ],
    "extensions" : {
      "classification" : "DataFetchingException"
    }
  } ],
  "data" : {
    "university_dept_Person" : null
  }
}