{
  "data" : {
    "university_calc_Calculator" : {
      "someLocale" : {
        "invoke" : "en_GB"
      }
    }
  }
}