{
  "data" : {
    "university_calc_Calculator" : {
      "addDoubles" : {
        "invoke" : 3.3000000000000003
      }
    }
  }
}