{
  "data" : {
    "university_calc_Calculator" : {
      "or" : {
        "invoke" : {
          "results" : true
        }
      }
    }
  }
}