{
  "data" : {
    "university_calc_Calculator" : {
      "addFloatWrappers" : {
        "invoke" : 3.3000002
      }
    }
  }
}