{
  "data" : {
    "university_calc_Calculator" : {
      "jdk8LocalPlusHoursAndMinutes" : {
        "invoke" : "15:55:05"
      }
    }
  }
}