{
  "data" : {
    "Scenario" : {
      "Name" : "Fizz and buzz are concatenated together",
      "When" : {
        "university_calc_Calculator" : {
          "concat" : {
            "invoke" : {
              "results" : "FizzBuzz"
            }
          }
        }
      }
    }
  }
}