{
  "data" : {
    "university_calc_Calculator" : {
      "concat" : {
        "invoke" : "FizzBuzz"
      }
    }
  }
}