{
  "data" : {
    "Scenario" : {
      "Given" : {
        "university_dept_Departments" : {
          "findDepartmentByName" : {
            "invoke" : {
              "staffMembers" : {
                "get" : [ {
                  "name" : {
                    "get" : "Gerry Jones"
                  }
                }, {
                  "name" : {
                    "get" : "Letitia Leadbetter"
                  }
                } ]
              }
            }
          }
        }
      },
      "When" : {
        "university_dept_Departments" : {
          "findDepartmentByName" : {
            "invoke" : {
              "addStaffMembers" : {
                "params" : {
                  "staffMembers" : {
                    "datatype" : "university_dept_StaffMember",
                    "choices" : [ {
                      "_meta" : {
                        "saveAs" : "staff-member"
                      },
                      "name" : {
                        "get" : "John Gartner"
                      }
                    }, {
                      "_meta" : {
                        "saveAs" : "staff-member"
                      },
                      "name" : {
                        "get" : "Margaret Randall"
                      }
                    }, {
                      "_meta" : {
                        "saveAs" : "staff-member"
                      },
                      "name" : {
                        "get" : "Mervin Hughes"
                      }
                    } ]
                  }
                },
                "invokeIdempotent" : {
                  "name" : {
                    "get" : "Classics"
                  },
                  "staffMembers" : {
                    "get" : [ {
                      "name" : {
                        "get" : "Gerry Jones"
                      }
                    }, {
                      "name" : {
                        "get" : "John Gartner"
                      }
                    }, {
                      "name" : {
                        "get" : "Letitia Leadbetter"
                      }
                    }, {
                      "name" : {
                        "get" : "Margaret Randall"
                      }
                    } ]
                  }
                }
              }
            }
          }
        }
      },
      "Then" : {
        "university_dept_Departments" : {
          "findDepartmentByName" : {
            "invoke" : {
              "staffMembers" : {
                "get" : [ {
                  "name" : {
                    "get" : "Gerry Jones"
                  }
                }, {
                  "name" : {
                    "get" : "John Gartner"
                  }
                }, {
                  "name" : {
                    "get" : "Letitia Leadbetter"
                  }
                }, {
                  "name" : {
                    "get" : "Margaret Randall"
                  }
                } ]
              }
            }
          }
        }
      }
    }
  }
}