{
  "data" : {
    "university_dept_Departments" : {
      "findByName" : {
        "invoke" : {
          "changeDeptHead" : {
            "params" : {
              "newDeptHead" : {
                "autoComplete" : [ {
                  "name" : {
                    "get" : "Dr. Susan Hopwood"
                  }
                }, {
                  "name" : {
                    "get" : "Prof. Dicky Horwich"
                  }
                } ]
              }
            }
          }
        }
      }
    }
  }
}