{
  "data" : {
    "university_dept_Departments" : {
      "findDepartmentByName" : {
        "invoke" : {
          "staffMembers" : {
            "get" : [ {
              "name" : {
                "get" : "Gerry Jones"
              }
            }, {
              "name" : {
                "get" : "Letitia Leadbetter"
              }
            } ]
          }
        }
      }
    }
  }
}