{
  "data" : {
    "university_dept_Departments" : {
      "findDepartmentByName" : {
        "invoke" : {
          "removeStaffMember" : {
            "params" : {
              "staffMember" : {
                "choices" : [ {
                  "name" : {
                    "get" : "Gerry Jones"
                  }
                }, {
                  "name" : {
                    "get" : "Letitia Leadbetter"
                  }
                } ]
              }
            }
          }
        }
      }
    }
  }
}