{
  "data" : {
    "university_dept_Departments" : {
      "findDepartmentByName" : {
        "invoke" : {
          "deptHead" : {
            "autoComplete" : [ ]
          }
        }
      }
    }
  }
}