{
  "data" : {
    "university_calc_Calculator" : {
      "plusDays" : {
        "invoke" : "2024-01-28"
      }
    }
  }
}