{
  "data" : {
    "university_calc_Calculator" : {
      "addIntegerWrappers" : {
        "invoke" : 3
      }
    }
  }
}