{
  "data" : {
    "Scenario" : {
      "Name" : "Fizz and buzz are concatenated together",
      "Given" : {
        "university_calc_Calculator" : {
          "concat" : {
            "invoke" : "FizzBuzz"
          }
        }
      }
    }
  }
}