{
  "data" : {
    "_gqlv_lookup__university_dept_Department" : {
      "changeName" : {
        "hidden" : false
      }
    }
  }
}