{"name":"sven","address":{"zip":1234,"street":"backerstreet"}}