address: {street: backerstreet, zip: 1234}
name: sven
